Antaiva 12
Aulacomnium 4
Chilopsis 5
Daltonist 8
Desmoncus 13
Factice 15
Gatha 10
Herculanian 9
Iapygian 9
Lobale 8
Lusiad 8
Machiavellic 6
Matchotic 10
Nigella 3
Oscines 7
Psychidae 14
Rhyniaceae 13
Rotatoria 9
Scamandrius 9
Sequani 9
Sharira 13
Theban 16
Vermetus 16
acervately 8
aerotonometric 11
amaze 8
amnia 14
angeyok 4
anthropophuistic 5
arthrosis 11
aspartyl 12
avenaceous 10
blanquillo 4
brayer 13
brockle 12
cecity 5
cenobian 14
chalcotrichite 6
circumparallelogram 6
coinspire 12
copperish 8
cosmopolitic 10
courageousness 10
crebrisulcate 12
creedsman 14
crumpler 11
cytogenetics 16
decentralize 10
dikaryophase 12
diminish 13
disfurnish 13
disseizee 12
dive 13
eftest 10
emarginate 11
endevil 4
epibasal 8
exordial 7
fabricator 7
fot 7
freakdom 6
galvanopuncture 14
gastrothecal 10
glibly 6
haplessly 8
hetaeria 15
hexaradial 11
hirsel 10
histoplasmosis 10
holdsman 8
indumentum 7
infinitesimally 6
infratrochanteric 11
insurrectionism 11
internuncius 17
isthmoid 17
lavisher 9
lightness 9
littlewale 7
magnecrystallic 10
manticore 10
marasmus 5
marginality 8
marialite 6
medicator 13
methylpropane 6
moonlitten 8
multiengine 7
mutate 5
myeloma 14
nonnavigable 12
nonstatic 9
nosopoetic 10
outscold 7
parachrose 7
paramagnetism 10
pawnie 8
petrolean 6
phosphoglyceric 8
physoclistic 5
podophthalmian 12
poliomyelitis 12
proctodaeum 8
protocolize 12
publishership 15
pyrognomic 17
rakery 9
raphide 13
redemptory 4
renopericardial 14
return 11
salutatorily 9
scirrhoid 12
selagite 11
semisaline 9
serositis 7
shellfire 8
slipe 7
smoke 6
snozzle 7
snugify 8
sparganum 7
spellbinder 11
starless 7
stewardess 6
streamlet 12
supererogate 3
tagraggery 10
tancel 13
tarnally 10
thermostatic 11
threadle 11
townswoman 10
triumvirship 8
turment 14
uncinated 5
uncorruptive 14
unfathomability 11
unflintify 8
unilamellar 5
uniovulate 10
unrepentingly 6
unspottedness 10
upness 14
vacuousness 4
venenousness 17
venereal 10
wheelbarrowful 7
wordmanship 11
yocco 9